wandb: [wandb.login()] Loaded credentials for https://api.wandb.ai from /home/osaha/.netrc.
wandb: W&B API key is configured. Use `wandb login --relogin` to force relogin
/home/osaha/.local/lib/python3.10/site-packages/torchvision/models/_utils.py:208: UserWarning: The parameter 'pretrained' is deprecated since 0.13 and may be removed in the future, please use 'weights' instead.
  warnings.warn(
/home/osaha/.local/lib/python3.10/site-packages/torchvision/models/_utils.py:223: UserWarning: Arguments other than a weight enum or `None` for 'weights' are deprecated since 0.13 and may be removed in the future. The current behavior is equivalent to passing `weights=ResNet18_Weights.IMAGENET1K_V1`. You can also use `weights=ResNet18_Weights.DEFAULT` to get the most up-to-date weights.
  warnings.warn(msg)
[W&B] Failed to initialize W&B; continuing without it. Error: greenlet.greenlet size changed, may indicate binary incompatibility. Expected 144 from C header, got 40 from PyObject

Data from: ./data/sim-insert_HDMI/clean-100

build_ACT_model_and_optimizer Namespace(lr=1e-05, lr_backbone=1e-05, batch_size=64, weight_decay=0.0001, epochs=300, lr_drop=200, clip_max_norm=0.1, backbone='resnet18', dilation=False, position_embedding='sine', camera_names=['cam_high'], enc_layers=4, dec_layers=7, dim_feedforward=3200, hidden_dim=512, dropout=0.1, nheads=8, pre_norm=False, masks=False, eval=False, onscreen_render=False, ckpt_dir='./act_ckpt/act-insert_HDMI/clean-100/train_config', policy_class='ACT', task_name='sim-insert_HDMI-clean-100', seed=0, num_epochs=None, kl_weight=10.0, chunk_size=50, temporal_agg=True, state_dim=8, save_freq=1000, device='cuda:0', num_steps=4000, lr_vision_backbone=1e-05, tactile_names=['tac_left', 'tac_right'], lr_tactile_backbone=1e-05, tactile_masks=False, tactile_backbone='resnet18', tactile_ckpt='encoder/checkpoints/resnet18/20251128-125750/best.pth', tactile_dilation=False, config_path='./train_config.yml', wandb_project='UniVTAC', wandb_mode='online', wandb_log_ckpts=True)
Namespace(lr=1e-05, lr_backbone=1e-05, batch_size=64, weight_decay=0.0001, epochs=300, lr_drop=200, clip_max_norm=0.1, backbone='resnet18', dilation=False, position_embedding='sine', camera_names=['cam_high'], enc_layers=4, dec_layers=7, dim_feedforward=3200, hidden_dim=512, dropout=0.1, nheads=8, pre_norm=False, masks=False, eval=False, onscreen_render=False, ckpt_dir='./act_ckpt/act-insert_HDMI/clean-100/train_config', policy_class='ACT', task_name='sim-insert_HDMI-clean-100', seed=0, num_epochs=None, kl_weight=10.0, chunk_size=50, temporal_agg=True, state_dim=8, save_freq=1000, device='cuda:0', num_steps=4000, lr_vision_backbone=1e-05, tactile_names=['tac_left', 'tac_right'], lr_tactile_backbone=1e-05, tactile_masks=False, tactile_backbone='resnet18', tactile_ckpt='encoder/checkpoints/resnet18/20251128-125750/best.pth', tactile_dilation=False, config_path='./train_config.yml', wandb_project='UniVTAC', wandb_mode='online', wandb_log_ckpts=True)
number of parameters: 95.58M
Traceback (most recent call last):
  File "/scratch/zt1/project/ssb-prj/user/osaha/848M/UniVTAC/policy/ACT/imitate_episodes.py", line 411, in <module>
    main(config_args)
  File "/scratch/zt1/project/ssb-prj/user/osaha/848M/UniVTAC/policy/ACT/imitate_episodes.py", line 159, in main
    best_ckpt_info = train_bc(train_dataloader, val_dataloader, config)
  File "/scratch/zt1/project/ssb-prj/user/osaha/848M/UniVTAC/policy/ACT/imitate_episodes.py", line 220, in train_bc
    policy = make_policy(policy_class, policy_config)
  File "/scratch/zt1/project/ssb-prj/user/osaha/848M/UniVTAC/policy/ACT/imitate_episodes.py", line 182, in make_policy
    policy = ACTPolicy(policy_config)
  File "/scratch/zt1/project/ssb-prj/user/osaha/848M/UniVTAC/policy/ACT/act_policy.py", line 27, in __init__
    model, optimizer = build_ACT_model_and_optimizer(args_override, RoboTwin_Config)
  File "/scratch/zt1/project/ssb-prj/user/osaha/848M/UniVTAC/policy/ACT/detr/main.py", line 162, in build_ACT_model_and_optimizer
    model.cuda()
  File "/home/osaha/.local/lib/python3.10/site-packages/torch/nn/modules/module.py", line 1097, in cuda
    return self._apply(lambda t: t.cuda(device))
  File "/home/osaha/.local/lib/python3.10/site-packages/torch/nn/modules/module.py", line 934, in _apply
    module._apply(fn)
  File "/home/osaha/.local/lib/python3.10/site-packages/torch/nn/modules/module.py", line 934, in _apply
    module._apply(fn)
  File "/home/osaha/.local/lib/python3.10/site-packages/torch/nn/modules/module.py", line 934, in _apply
    module._apply(fn)
  [Previous line repeated 3 more times]
  File "/home/osaha/.local/lib/python3.10/site-packages/torch/nn/modules/module.py", line 965, in _apply
    param_applied = fn(param)
  File "/home/osaha/.local/lib/python3.10/site-packages/torch/nn/modules/module.py", line 1097, in <lambda>
    return self._apply(lambda t: t.cuda(device))
  File "/home/osaha/.local/lib/python3.10/site-packages/torch/cuda/__init__.py", line 478, in _lazy_init
    torch._C._cuda_init()
RuntimeError: The NVIDIA driver on your system is too old (found version 12090). Please update your GPU driver by downloading and installing a new version from the URL: http://www.nvidia.com/Download/index.aspx Alternatively, go to: https://pytorch.org to install a PyTorch version that has been compiled with your version of the CUDA driver.
