Host: gpu-a5-1.zaratan.umd.edu
CUDA_VISIBLE_DEVICES=0
Thu Apr 16 20:57:19 2026       
+-----------------------------------------------------------------------------------------+
| NVIDIA-SMI 575.57.08              Driver Version: 575.57.08      CUDA Version: 12.9     |
|-----------------------------------------+------------------------+----------------------+
| GPU  Name                 Persistence-M | Bus-Id          Disp.A | Volatile Uncorr. ECC |
| Fan  Temp   Perf          Pwr:Usage/Cap |           Memory-Usage | GPU-Util  Compute M. |
|                                         |                        |               MIG M. |
|=========================================+========================+======================|
|   0  Tesla V100-SXM2-32GB           On  |   00000000:1A:00.0 Off |                    0 |
| N/A   38C    P0             41W /  300W |       0MiB /  32768MiB |      0%      Default |
|                                         |                        |                  N/A |
+-----------------------------------------+------------------------+----------------------+
                                                                                         
+-----------------------------------------------------------------------------------------+
| Processes:                                                                              |
|  GPU   GI   CI              PID   Type   Process name                        GPU Memory |
|        ID   ID                                                               Usage      |
|=========================================================================================|
|  No running processes found                                                             |
+-----------------------------------------------------------------------------------------+
Using python: /scratch/zt1/project/ssb-prj/user/osaha/848M/UniVTAC/policy/ACT/act_env/bin/python
/scratch/zt1/project/ssb-prj/user/osaha/848M/UniVTAC/policy/ACT/act_env/bin/python
/scratch/zt1/project/ssb-prj/user/osaha/848M/UniVTAC/policy/ACT/act_env/lib/python3.10/site-packages/torch/__init__.py
/scratch/zt1/project/ssb-prj/user/osaha/848M/UniVTAC/policy/ACT/act_env/lib/python3.10/site-packages/typing_extensions.py
torch cuda available = True
Using python: /scratch/zt1/project/ssb-prj/user/osaha/848M/UniVTAC/policy/ACT/act_env/bin/python
/scratch/zt1/project/ssb-prj/user/osaha/848M/UniVTAC/policy/ACT/act_env/bin/python
/scratch/zt1/project/ssb-prj/user/osaha/848M/UniVTAC/policy/ACT/act_env/lib/python3.10/site-packages/torch/__init__.py
/scratch/zt1/project/ssb-prj/user/osaha/848M/UniVTAC/policy/ACT/act_env/lib/python3.10/site-packages/typing_extensions.py
/scratch/zt1/project/ssb-prj/user/osaha/848M/UniVTAC/policy/ACT/act_env/lib/python3.10/site-packages/torchvision/models/_utils.py:208: UserWarning: The parameter 'pretrained' is deprecated since 0.13 and may be removed in the future, please use 'weights' instead.
  warnings.warn(
/scratch/zt1/project/ssb-prj/user/osaha/848M/UniVTAC/policy/ACT/act_env/lib/python3.10/site-packages/torchvision/models/_utils.py:223: UserWarning: Arguments other than a weight enum or `None` for 'weights' are deprecated since 0.13 and may be removed in the future. The current behavior is equivalent to passing `weights=ResNet18_Weights.IMAGENET1K_V1`. You can also use `weights=ResNet18_Weights.DEFAULT` to get the most up-to-date weights.
  warnings.warn(msg)
[W&B] Failed to initialize W&B; continuing without it. Error: module 'wandb' has no attribute 'init'

Data from: ./data/sim-insert_HDMI/clean-100

camera_names requested: ['cam_high']
build_ACT_model_and_optimizer Namespace(lr=1e-05, lr_backbone=1e-05, batch_size=64, weight_decay=0.0001, epochs=300, lr_drop=200, clip_max_norm=0.1, backbone='resnet18', dilation=False, position_embedding='sine', camera_names=['cam_high'], enc_layers=4, dec_layers=7, dim_feedforward=3200, hidden_dim=512, dropout=0.1, nheads=8, pre_norm=False, masks=False, eval=False, onscreen_render=False, ckpt_dir='./act_ckpt/act-insert_HDMI/clean-100/train_config_vision_all', policy_class='ACT', task_name='sim-insert_HDMI-clean-100', seed=0, num_epochs=None, kl_weight=10.0, chunk_size=50, temporal_agg=True, state_dim=8, save_freq=1000, device='cuda:0', num_steps=4000, lr_vision_backbone=1e-05, tactile_names=[], lr_tactile_backbone=0.0, tactile_masks=False, tactile_backbone='resnet18', tactile_ckpt='encoder/checkpoints/resnet18/20251128-125750/best.pth', tactile_dilation=False, config_path='./train_config_vision_all.yml', wandb_project='UniVTAC', wandb_mode='online', wandb_log_ckpts=True)
Namespace(lr=1e-05, lr_backbone=1e-05, batch_size=64, weight_decay=0.0001, epochs=300, lr_drop=200, clip_max_norm=0.1, backbone='resnet18', dilation=False, position_embedding='sine', camera_names=['cam_high'], enc_layers=4, dec_layers=7, dim_feedforward=3200, hidden_dim=512, dropout=0.1, nheads=8, pre_norm=False, masks=False, eval=False, onscreen_render=False, ckpt_dir='./act_ckpt/act-insert_HDMI/clean-100/train_config_vision_all', policy_class='ACT', task_name='sim-insert_HDMI-clean-100', seed=0, num_epochs=None, kl_weight=10.0, chunk_size=50, temporal_agg=True, state_dim=8, save_freq=1000, device='cuda:0', num_steps=4000, lr_vision_backbone=1e-05, tactile_names=[], lr_tactile_backbone=0.0, tactile_masks=False, tactile_backbone='resnet18', tactile_ckpt='encoder/checkpoints/resnet18/20251128-125750/best.pth', tactile_dilation=False, config_path='./train_config_vision_all.yml', wandb_project='UniVTAC', wandb_mode='online', wandb_log_ckpts=True)
number of parameters: 95.58M
KL Weight 10.0
  0%|          | 0/4000 [00:00<?, ?it/s]  0%|          | 0/4000 [00:05<?, ?it/s, epoch=0, loss=75.1]  0%|          | 1/4000 [00:05<6:32:07,  5.88s/it, epoch=0, loss=75.1]Traceback (most recent call last):
  File "/scratch/zt1/project/ssb-prj/user/osaha/848M/UniVTAC/policy/ACT/imitate_episodes.py", line 411, in <module>
    main(config_args)
  File "/scratch/zt1/project/ssb-prj/user/osaha/848M/UniVTAC/policy/ACT/imitate_episodes.py", line 159, in main
    best_ckpt_info = train_bc(train_dataloader, val_dataloader, config)
  File "/scratch/zt1/project/ssb-prj/user/osaha/848M/UniVTAC/policy/ACT/imitate_episodes.py", line 271, in train_bc
    if wandb is not None and wandb.run is not None:
AttributeError: module 'wandb' has no attribute 'run'
                                                                      